// Jest Snapshot v1, https://goo.gl/fbAQLP

exports[`should render Add Expense correctly 1`] = `
<div>
  <div
    className="sub-header"
  >
    <div
      className="content-container"
    >
      <h1
        className="sub-header__title"
      >
        Add Expense
      </h1>
    </div>
  </div>
  <div
    className="content-container"
  >
    <ExpenseForm
      onSubmit={[Function]}
    />
  </div>
</div>
`;
