// Jest Snapshot v1, https://goo.gl/fbAQLP

exports[`should render EditExpense page 1`] = `
<div>
  <div
    className="sub-header"
  >
    <div
      className="content-container"
    >
      <h1
        className="sub-header__title"
      >
        Edit Expense
      </h1>
    </div>
  </div>
  <div
    className="content-container"
  >
    <ExpenseForm
      expense={
        Object {
          "amount": 1300,
          "createdAt": -172800000,
          "description": "breakfast",
          "id": "2",
          "note": "",
        }
      }
      onSubmit={[Function]}
    />
    <button
      className="button button--secondary"
      onClick={[Function]}
    >
      Delete Expense
    </button>
  </div>
</div>
`;
