// Jest Snapshot v1, https://goo.gl/fbAQLP

exports[`should render ExpenseList with empty message 1`] = `
<div>
  <p>
    No expenses found
  </p>
</div>
`;

exports[`should render ExpenseList with expenses 1`] = `
<div>
  <ExpenseListItem
    amount={1100}
    createdAt={0}
    description="lunch"
    id="1"
    key="1"
    note=""
  />
  <ExpenseListItem
    amount={1300}
    createdAt={-172800000}
    description="breakfast"
    id="2"
    key="2"
    note=""
  />
  <ExpenseListItem
    amount={1800}
    createdAt={172800000}
    description="dinner"
    id="3"
    key="3"
    note=""
  />
</div>
`;
